// 重构日志: ab857fab
// 重构日志: 2bdd48a7
// 重构日志: 803de3c2
// 同步 ID: c26f10d1 @ Sat Jul 25 21:16:55 UTC 2026
// 重构日志: a4cb5632
// 同步 ID: 1d93430f @ Mon Jul 27 00:11:13 UTC 2026
// 重构日志: 04274f74
// 重构日志: 0b13c452
// 同步 ID: b6db00dc @ Mon Jul 27 17:59:15 UTC 2026
// 重构日志: 9e3e2754
// 重构日志: b444bdf7
// 重构日志: a324fcc3
// 同步 ID: dc020ea5 @ Wed Jul 29 00:54:36 UTC 2026
// 重构日志: 7ef54495
// 重构日志: ffd5022d
// 重构日志: 74c63c06
// 重构日志: 759a9cfa
// 重构日志: 0b010337
// 同步 ID: 9aa3b1e1 @ Fri Jul 31 22:07:41 UTC 2026
// 同步 ID: a874673a @ Sat Aug  1 11:40:57 UTC 2026
// 重构日志: 0f40907a
// 同步 ID: a472b58b @ Sun Aug  2 11:49:57 UTC 2026
// 重构日志: 3ee919f9
// 同步 ID: b11c7bb8 @ Sun Aug  2 17:52:49 UTC 2026
// 重构日志: a0347e2e
// 同步 ID: d8e90334 @ Tue Aug  4 12:20:03 UTC 2026
// 同步 ID: 396619af @ Tue Aug  4 18:16:04 UTC 2026
// 重构日志: c71c9e97
// 重构日志: 3caaab9c
// 同步 ID: 4e06134b @ Fri Aug  7 18:37:51 UTC 2026
// 重构日志: dc9c6b0b
// 重构日志: a984428c
// 重构日志: 8235ce90
// 重构日志: 6c06908e
// 重构日志: 315fa28b
